 Entering Gaussian System
 *********************************************
 Gaussian 98:
 frequency output generated by the xtb code
 *********************************************
                         Standard orientation:
 --------------------------------------------------------------------
  Center     Atomic     Atomic              Coordinates (Angstroms)
  Number     Number      Type              X           Y           Z
 --------------------------------------------------------------------
    1         79             0        0.000000    0.000000    0.000000
    2         79             0        3.000000   -0.000016   -0.000010
    3         79             0        6.000001   -0.000031   -0.000021
    4         79             0        0.000016    3.000000   -0.000005
    5         79             0        3.000016    2.999985   -0.000016
    6         79             0        6.000016    2.999969   -0.000026
    7         79             0        9.000017    2.999953   -0.000037
    8         79             0       12.000017    2.999937   -0.000047
    9         79             0       15.000017    2.999922   -0.000058
   10         79             0        0.000031    6.000001   -0.000010
   11         79             0        3.000032    5.999985   -0.000021
   12         79             0        6.000032    5.999969   -0.000031
 --------------------------------------------------------------------
     1 basis functions        1 primitive gaussians
     1 alpha electrons        1 beta electrons
 
 Harmonic frequencies (cm**-1), IR intensities (km*mol⁻¹),
 Raman scattering activities (A**4/amu), Raman depolarization ratios,
 reduced masses (AMU), force constants (mDyne/A) and normal coordinates:
                      1                      2                      3
                        a                      a                      a 
 Frequencies --   -53.3752               -36.0070               -29.1361
 Red. masses --   196.9666               196.9666               196.9666
 Frc consts  --     0.0000                 0.0000                 0.0000
 IR Inten    --     0.0717                 0.1679                 0.0026
 Raman Activ --     0.0000                 0.0000                 0.0000
 Depolar     --     0.0000                 0.0000                 0.0000
 Atom AN      X      Y      Z        X      Y      Z        X      Y      Z
   1  79    -0.01   0.01  -0.00     0.31  -0.29  -0.00    -0.02  -0.13   0.00
   2  79     0.03   0.02  -0.00    -0.27  -0.07   0.00    -0.30   0.08   0.00
   3  79     0.01  -0.03   0.00    -0.24  -0.10   0.00     0.36   0.35  -0.00
   4  79     0.00   0.00   0.00     0.00   0.55  -0.00     0.00   0.20  -0.00
   5  79     0.04  -0.00  -0.00     0.00   0.08  -0.00    -0.00  -0.23   0.00
   6  79     0.11  -0.00  -0.00    -0.00   0.04  -0.00    -0.00  -0.31   0.00
   7  79    -0.62  -0.00   0.00     0.00   0.20  -0.00    -0.00  -0.26   0.00
   8  79     0.71   0.00  -0.00    -0.00   0.03  -0.00     0.00  -0.03   0.00
   9  79    -0.30   0.00   0.00     0.00   0.01  -0.00    -0.00   0.02  -0.00
  10  79    -0.01  -0.01  -0.00    -0.31  -0.29   0.00     0.02  -0.13   0.00
  11  79     0.03  -0.02  -0.00     0.27  -0.07  -0.00     0.30   0.08  -0.00
  12  79     0.01   0.03   0.00     0.24  -0.10  -0.00    -0.36   0.35   0.00
                      4                      5                      6
                        a                      a                      a 
 Frequencies --   -22.6951                 9.7994                11.5176
 Red. masses --   196.9666               196.9666               196.9666
 Frc consts  --     0.0000                 0.0000                 0.0000
 IR Inten    --     0.0935                 0.0197                 1.2931
 Raman Activ --     0.0000                 0.0000                 0.0000
 Depolar     --     0.0000                 0.0000                 0.0000
 Atom AN      X      Y      Z        X      Y      Z        X      Y      Z
   1  79     0.19  -0.10  -0.00     0.18   0.01  -0.00    -0.04   0.10  -0.00
   2  79     0.14  -0.26  -0.00     0.20  -0.00  -0.00     0.07   0.03  -0.00
   3  79    -0.42  -0.41   0.00     0.20  -0.01  -0.00     0.04  -0.07   0.00
   4  79     0.18  -0.00  -0.00     0.16  -0.00  -0.00    -0.04   0.00   0.00
   5  79    -0.05   0.00   0.00     0.12   0.00  -0.00    -0.02  -0.00   0.00
   6  79     0.05   0.00  -0.00     0.03   0.00  -0.00     0.01  -0.00   0.00
   7  79    -0.00   0.00  -0.00    -0.38   0.00   0.00    -0.59  -0.00   0.00
   8  79    -0.01  -0.00   0.00    -0.57  -0.00   0.00    -0.23   0.00   0.00
   9  79     0.01  -0.00   0.00    -0.52  -0.00   0.00     0.74   0.00  -0.00
  10  79     0.19   0.10  -0.00     0.18  -0.01  -0.00    -0.04  -0.10   0.00
  11  79     0.14   0.26  -0.00     0.20   0.00  -0.00     0.07  -0.03  -0.00
  12  79    -0.42   0.41   0.00     0.20   0.01  -0.00     0.04   0.07  -0.00
                      7                      8                      9
                        a                      a                      a 
 Frequencies --    14.4914                18.9024                19.0903
 Red. masses --   196.9666               196.9666               196.9666
 Frc consts  --     0.0000                 0.0000                 0.0000
 IR Inten    --     0.0414                 0.0998                 0.4715
 Raman Activ --     0.0000                 0.0000                 0.0000
 Depolar     --     0.0000                 0.0000                 0.0000
 Atom AN      X      Y      Z        X      Y      Z        X      Y      Z
   1  79     0.34   0.20  -0.00    -0.26   0.23   0.00     0.22  -0.53   0.00
   2  79     0.33  -0.01  -0.00    -0.18  -0.08   0.00    -0.19  -0.13   0.00
   3  79     0.27  -0.18  -0.00    -0.06  -0.30   0.00     0.02   0.24  -0.00
   4  79     0.00   0.43  -0.00    -0.00   0.20  -0.00     0.14   0.00  -0.00
   5  79    -0.00  -0.05   0.00    -0.00  -0.27   0.00     0.01  -0.00  -0.00
   6  79    -0.00  -0.14   0.00     0.00  -0.37   0.00    -0.22  -0.00   0.00
   7  79    -0.00  -0.23   0.00     0.00   0.03   0.00    -0.17   0.00   0.00
   8  79     0.00  -0.05  -0.00    -0.00   0.32  -0.00     0.01   0.00  -0.00
   9  79     0.00   0.01  -0.00    -0.00   0.40  -0.00     0.14   0.00  -0.00
  10  79    -0.34   0.20   0.00     0.26   0.22  -0.00     0.22   0.53  -0.00
  11  79    -0.33  -0.01   0.00     0.18  -0.08  -0.00    -0.19   0.13   0.00
  12  79    -0.27  -0.18   0.00     0.06  -0.30   0.00     0.02  -0.24   0.00
                     10                     11                     12
                        a                      a                      a 
 Frequencies --    21.0943                25.6348                29.3736
 Red. masses --   196.9666               196.9666               196.9666
 Frc consts  --     0.0000                 0.0000                 0.0000
 IR Inten    --     0.0034                 0.1668                 0.0049
 Raman Activ --     0.0000                 0.0000                 0.0000
 Depolar     --     0.0000                 0.0000                 0.0000
 Atom AN      X      Y      Z        X      Y      Z        X      Y      Z
   1  79     0.00   0.00   0.28     0.07  -0.06  -0.00     0.18   0.11  -0.00
   2  79    -0.00  -0.00  -0.07    -0.05   0.10  -0.00     0.30  -0.09  -0.00
   3  79    -0.00  -0.00  -0.36    -0.17  -0.02   0.00     0.07   0.11  -0.00
   4  79     0.00   0.00   0.32     0.00  -0.14   0.00    -0.19   0.00   0.00
   5  79    -0.00  -0.00  -0.07    -0.00   0.51  -0.00    -0.62  -0.00   0.00
   6  79    -0.00  -0.00  -0.35    -0.00  -0.13   0.00    -0.49   0.00   0.00
   7  79    -0.00  -0.00  -0.28    -0.00  -0.69   0.00     0.03   0.00   0.00
   8  79     0.00   0.00   0.27    -0.00   0.06  -0.00     0.14  -0.00   0.00
   9  79     0.00   0.00   0.43     0.00   0.35  -0.00     0.01  -0.00  -0.00
  10  79     0.00   0.00   0.28    -0.07  -0.06   0.00     0.18  -0.11   0.00
  11  79    -0.00  -0.00  -0.07     0.05   0.10  -0.00     0.30   0.09  -0.00
  12  79    -0.00  -0.00  -0.36     0.17  -0.02  -0.00     0.07  -0.11  -0.00
                     13                     14                     15
                        a                      a                      a 
 Frequencies --    29.9851                32.2656                32.2898
 Red. masses --   196.9666               196.9666               196.9666
 Frc consts  --     0.0000                 0.0000                 0.0000
 IR Inten    --     0.0006                 0.0001                 0.1443
 Raman Activ --     0.0000                 0.0000                 0.0000
 Depolar     --     0.0000                 0.0000                 0.0000
 Atom AN      X      Y      Z        X      Y      Z        X      Y      Z
   1  79     0.00   0.00  -0.11    -0.01   0.08  -0.00    -0.24  -0.33  -0.00
   2  79     0.00  -0.00   0.21     0.05  -0.22   0.00     0.07  -0.13   0.00
   3  79     0.00   0.00   0.24    -0.21   0.20   0.00     0.34  -0.32   0.00
   4  79    -0.00  -0.00  -0.16     0.00   0.17  -0.00    -0.32   0.00   0.00
   5  79    -0.00   0.00   0.17     0.00  -0.51   0.00    -0.25  -0.00   0.00
   6  79    -0.00   0.00  -0.07    -0.00   0.49  -0.00     0.20   0.00  -0.00
   7  79    -0.00  -0.00  -0.79    -0.00  -0.41   0.00     0.06  -0.00  -0.00
   8  79     0.00  -0.00  -0.11     0.00  -0.04   0.00    -0.01  -0.00  -0.00
   9  79     0.00   0.00   0.28     0.00   0.18  -0.00    -0.03   0.00   0.00
  10  79     0.00  -0.00  -0.11     0.01   0.08   0.00    -0.24   0.33   0.00
  11  79     0.00   0.00   0.21    -0.05  -0.22  -0.00     0.07   0.13  -0.00
  12  79     0.00  -0.00   0.24     0.21   0.20  -0.00     0.34   0.32  -0.00
                     16                     17                     18
                        a                      a                      a 
 Frequencies --    32.4446                39.2201                39.9580
 Red. masses --   196.9666               196.9666               196.9666
 Frc consts  --     0.0000                 0.0000                 0.0000
 IR Inten    --     0.0000                 0.0450                 0.0007
 Raman Activ --     0.0000                 0.0000                 0.0000
 Depolar     --     0.0000                 0.0000                 0.0000
 Atom AN      X      Y      Z        X      Y      Z        X      Y      Z
   1  79    -0.00   0.00   0.51    -0.00  -0.00  -0.21     0.06   0.02   0.00
   2  79     0.00  -0.00  -0.02     0.00   0.00   0.23     0.01  -0.06  -0.00
   3  79    -0.00   0.00  -0.49    -0.00  -0.00  -0.33    -0.04   0.04  -0.00
   4  79    -0.00   0.00  -0.00     0.00  -0.00  -0.12     0.00  -0.04   0.00
   5  79    -0.00  -0.00   0.00     0.00   0.00   0.68     0.00  -0.01  -0.00
   6  79     0.00   0.00   0.00    -0.00  -0.00  -0.07    -0.00  -0.02   0.00
   7  79     0.00  -0.00  -0.00     0.00   0.00   0.05    -0.00  -0.19   0.00
   8  79     0.00  -0.00  -0.00     0.00   0.00   0.27     0.00   0.80  -0.00
   9  79    -0.00   0.00   0.00    -0.00  -0.00  -0.18     0.00  -0.54   0.00
  10  79    -0.00   0.00  -0.51    -0.00  -0.00  -0.21    -0.06   0.02   0.00
  11  79    -0.00  -0.00   0.02     0.00  -0.00   0.23    -0.01  -0.06   0.00
  12  79     0.00   0.00   0.49    -0.00  -0.00  -0.33     0.04   0.04  -0.00
                     19                     20                     21
                        a                      a                      a 
 Frequencies --    40.0975                41.3018                41.8297
 Red. masses --   196.9666               196.9666               196.9666
 Frc consts  --     0.0000                 0.0000                 0.0000
 IR Inten    --     0.0113                 0.0050                 0.0012
 Raman Activ --     0.0000                 0.0000                 0.0000
 Depolar     --     0.0000                 0.0000                 0.0000
 Atom AN      X      Y      Z        X      Y      Z        X      Y      Z
   1  79    -0.00   0.00   0.05     0.18  -0.20  -0.00     0.31   0.31  -0.00
   2  79     0.00  -0.00   0.00     0.12   0.50  -0.00    -0.10  -0.26   0.00
   3  79     0.00   0.00   0.14    -0.20   0.03   0.00    -0.17   0.24  -0.00
   4  79    -0.00  -0.00  -0.08    -0.26  -0.00   0.00     0.00  -0.29  -0.00
   5  79    -0.00  -0.00  -0.26    -0.25   0.00   0.00     0.00   0.02  -0.00
   6  79    -0.00   0.00  -0.08     0.36  -0.00  -0.00    -0.00  -0.40   0.00
   7  79    -0.00  -0.00  -0.24     0.01  -0.00   0.00     0.00   0.17   0.00
   8  79     0.00   0.00   0.76    -0.06   0.00   0.00     0.00  -0.10  -0.00
   9  79    -0.00  -0.00  -0.49    -0.00  -0.00  -0.00    -0.00   0.03   0.00
  10  79    -0.00  -0.00   0.05     0.18   0.20  -0.00    -0.31   0.31   0.00
  11  79     0.00   0.00   0.00     0.12  -0.50   0.00     0.10  -0.26   0.00
  12  79     0.00   0.00   0.14    -0.20  -0.03   0.00     0.17   0.24  -0.00
                     22                     23                     24
                        a                      a                      a 
 Frequencies --    42.9646                45.1182                46.8461
 Red. masses --   196.9666               196.9666               196.9666
 Frc consts  --     0.0000                 0.0000                 0.0000
 IR Inten    --     0.0299                 0.4049                 0.0000
 Raman Activ --     0.0000                 0.0000                 0.0000
 Depolar     --     0.0000                 0.0000                 0.0000
 Atom AN      X      Y      Z        X      Y      Z        X      Y      Z
   1  79    -0.00  -0.00   0.21    -0.35  -0.12   0.00     0.00   0.00  -0.27
   2  79     0.00   0.00   0.39     0.36  -0.16  -0.00    -0.00  -0.00   0.58
   3  79    -0.00   0.00  -0.07    -0.18   0.35  -0.00    -0.00  -0.00  -0.31
   4  79    -0.00  -0.00  -0.58     0.18  -0.00   0.00    -0.00  -0.00  -0.00
   5  79    -0.00  -0.00  -0.30    -0.05   0.00   0.00    -0.00   0.00   0.00
   6  79    -0.00   0.00  -0.34     0.27  -0.00  -0.00     0.00   0.00   0.00
   7  79     0.00   0.00   0.22    -0.01   0.00  -0.00    -0.00  -0.00   0.00
   8  79    -0.00  -0.00  -0.10    -0.04   0.00   0.00    -0.00   0.00  -0.00
   9  79     0.00   0.00   0.04     0.00  -0.00  -0.00    -0.00   0.00   0.00
  10  79     0.00   0.00   0.21    -0.35   0.12   0.00     0.00  -0.00   0.27
  11  79     0.00   0.00   0.39     0.36   0.16  -0.00    -0.00   0.00  -0.58
  12  79    -0.00  -0.00  -0.07    -0.18  -0.35   0.00     0.00  -0.00   0.31
                     25                     26                     27
                        a                      a                      a 
 Frequencies --    48.2706                48.6828                48.7378
 Red. masses --   196.9666               196.9666               196.9666
 Frc consts  --     0.0000                 0.0000                 0.0000
 IR Inten    --     0.6763                 0.0036                 1.7099
 Raman Activ --     0.0000                 0.0000                 0.0000
 Depolar     --     0.0000                 0.0000                 0.0000
 Atom AN      X      Y      Z        X      Y      Z        X      Y      Z
   1  79     0.23   0.14  -0.00     0.00   0.00   0.30     0.22  -0.00  -0.00
   2  79    -0.14  -0.34   0.00    -0.00   0.00  -0.20    -0.01   0.50   0.00
   3  79    -0.02   0.18   0.00    -0.00   0.00  -0.16    -0.19  -0.07   0.00
   4  79    -0.50   0.00   0.00    -0.00  -0.00  -0.51    -0.00  -0.23   0.00
   5  79    -0.05   0.00  -0.00    -0.00  -0.00   0.15    -0.00  -0.51  -0.00
   6  79     0.51  -0.00  -0.00     0.00  -0.00   0.60     0.00  -0.11  -0.00
   7  79    -0.04  -0.00   0.00    -0.00  -0.00  -0.20    -0.00  -0.02   0.00
   8  79    -0.06   0.00  -0.00    -0.00   0.00   0.04    -0.00   0.01  -0.00
   9  79    -0.00  -0.00  -0.00     0.00  -0.00   0.02    -0.00  -0.01  -0.00
  10  79     0.23  -0.14  -0.00     0.00  -0.00   0.30    -0.22  -0.00  -0.00
  11  79    -0.14   0.34   0.00    -0.00   0.00  -0.20     0.01   0.50   0.00
  12  79    -0.02  -0.18   0.00     0.00  -0.00  -0.16     0.19  -0.07   0.00
                     28                     29                     30
                        a                      a                      a 
 Frequencies --    52.2649                54.3583                54.6908
 Red. masses --   196.9666               196.9666               196.9666
 Frc consts  --     0.0000                 0.0000                 0.0000
 IR Inten    --     0.0058                 0.0988                 1.4623
 Raman Activ --     0.0000                 0.0000                 0.0000
 Depolar     --     0.0000                 0.0000                 0.0000
 Atom AN      X      Y      Z        X      Y      Z        X      Y      Z
   1  79     0.20   0.18  -0.00     0.00   0.00   0.18    -0.01  -0.09   0.00
   2  79    -0.38  -0.03   0.00    -0.00  -0.00  -0.33     0.23   0.00  -0.00
   3  79     0.26  -0.23  -0.00     0.00   0.00   0.26    -0.09   0.01   0.00
   4  79    -0.00  -0.29  -0.00     0.00  -0.00  -0.25    -0.59   0.00  -0.00
   5  79     0.00   0.02   0.00    -0.00   0.00   0.47     0.63  -0.00   0.00
   6  79     0.00   0.48  -0.00     0.00  -0.00  -0.54    -0.34   0.00  -0.00
   7  79    -0.00  -0.07   0.00     0.00   0.00   0.12     0.02   0.00   0.00
   8  79    -0.00   0.00   0.00    -0.00  -0.00  -0.01     0.02  -0.00  -0.00
   9  79     0.00   0.01  -0.00    -0.00  -0.00  -0.02    -0.00  -0.00  -0.00
  10  79    -0.20   0.18   0.00     0.00  -0.00   0.18    -0.01   0.09   0.00
  11  79     0.38  -0.03  -0.00    -0.00  -0.00  -0.33     0.23  -0.00  -0.00
  12  79    -0.26  -0.23   0.00     0.00   0.00   0.26    -0.09  -0.01   0.00
